4
A C
D F
E
B
4
A E I
B F
C G
D H